// Jest Snapshot v1, https://goo.gl/fbAQLP

exports[`Component Shake should be render without crash 1`] = `
<div
  className="sc-bdVaJa elOHmT"
>
  <p>
    Child
  </p>
</div>
`;
