// Jest Snapshot v1, https://goo.gl/fbAQLP

exports[`Component Layout should render Layout 1`] = `
.c0 {
  display: -webkit-box;
  display: -webkit-flex;
  display: -ms-flexbox;
  display: flex;
  -webkit-flex-flow: column nowrap;
  -ms-flex-flow: column nowrap;
  flex-flow: column nowrap;
  -webkit-align-self: stretch;
  -ms-flex-item-align: stretch;
  align-self: stretch;
  min-height: 100%;
  width: 100%;
  text-align: center;
  position: relative;
}

.c1 {
  display: block;
}

.c2 {
  -webkit-flex: 1;
  -ms-flex: 1;
  flex: 1;
  display: -webkit-box;
  display: -webkit-flex;
  display: -ms-flexbox;
  display: flex;
  -webkit-flex-flow: column nowrap;
  -ms-flex-flow: column nowrap;
  flex-flow: column nowrap;
  -webkit-box-pack: space-around;
  -webkit-justify-content: space-around;
  -ms-flex-pack: space-around;
  justify-content: space-around;
}

.c3 {
  -webkit-flex: 0;
  -ms-flex: 0;
  flex: 0;
}

<div
  className="c0"
>
  <header
    className="c1"
  >
    Header
  </header>
  <div
    className="c2"
  >
    Body
  </div>
  <footer
    className="c3"
  >
    Footer
  </footer>
</div>
`;
